
连接器　版本8.7.7.211123
Input Object File: E:\demo_20211221\blink\BLINK.OBJ
Input Object File: E:\demo_20211221\blink\STARTUP1_L.OBJ

Input Library File: E:\Program Files\Holtek MCU Development Tools\HT-IDE3000V8.x\LIB\LIBHOLTEKGCC.LIB
Input Library File: E:\Program Files\Holtek MCU Development Tools\HT-IDE3000V8.x\LIB\v3_tabrd_mrsc.lib


     Bank    Start     End      Length     Class    AvgIns    Name
     00h     0000h     0000h    0001h      CODE               @code (E:\demo_20211221\blink\BLINK.OBJ)
     00h     0004h     0007h    0004h      CODE               @Int0_code (E:\demo_20211221\blink\BLINK.OBJ)
     00h     000ch     000fh    0004h      CODE               @timer0_code (E:\demo_20211221\blink\BLINK.OBJ)
     00h     0010h     0013h    0004h      CODE               @timer1_code (E:\demo_20211221\blink\BLINK.OBJ)
     00h     0014h     0019h    0006h      CODE               _tb0 (E:\demo_20211221\blink\BLINK.OBJ)
     00h     001ch     001fh    0004h      CODE               @tb0_code (E:\demo_20211221\blink\BLINK.OBJ)
     00h     0020h     0023h    0004h      CODE               @tb1_code (E:\demo_20211221\blink\BLINK.OBJ)
     00h     0024h     0027h    0004h      CODE               @Int1_code (E:\demo_20211221\blink\BLINK.OBJ)
     00h     0028h     0048h    0021h      CODE               @start (E:\demo_20211221\blink\BLINK.OBJ)
     00h     0049h     0061h    0019h      CODE               _timer0 (E:\demo_20211221\blink\BLINK.OBJ)
     00h     0062h     007ah    0019h      CODE               _timer1 (E:\demo_20211221\blink\BLINK.OBJ)
     00h     007bh     0080h    0006h      CODE               _tb1 (E:\demo_20211221\blink\BLINK.OBJ)
     00h     0081h     0085h    0005h      CODE               _Int0 (E:\demo_20211221\blink\BLINK.OBJ)
     00h     0086h     008ah    0005h      CODE               _Int1 (E:\demo_20211221\blink\BLINK.OBJ)
     00h     008bh     00bdh    0033h      CODE               _main (E:\demo_20211221\blink\BLINK.OBJ)
     00h     00beh     00c2h    0005h      CODE               @ROMDATA_BASE (E:\demo_20211221\blink\STARTUP1_L.OBJ)
     00h     00a0h     00a3h    0004h      DATA     3         @HCCINIT (E:\demo_20211221\blink\BLINK.OBJ)
     00h     00a4h     00a4h    0001h      DATA     2         @data_r10c (isr:ra~rh)
     00h     00a5h     00a5h    0001h      DATA     2         @data_r20c (isr:ra~rh)
     00h     00a6h     00a6h    0001h      DATA     3         @data_rb0c (isr:ra~rh)
     00h     00a7h     00a7h    0001h      DATA     3         @data_rc0c (isr:ra~rh)
     00h     00a8h     00a8h    0001h      DATA     2         @data_r110 (isr:ra~rh)
     00h     00a9h     00a9h    0001h      DATA     2         @data_r210 (isr:ra~rh)
     00h     00aah     00aah    0001h      DATA     3         @data_rb10 (isr:ra~rh)
     00h     00abh     00abh    0001h      DATA     3         @data_rc10 (isr:ra~rh)
     00h     00ach     00ach    0001h      DATA     2         @data_r11c (isr:ra~rh)
     00h     00adh     00adh    0001h      DATA     2         @data_r21c (isr:ra~rh)
     00h     00aeh     00aeh    0001h      DATA     2         @data_r120 (isr:ra~rh)
     00h     00afh     00afh    0001h      DATA     2         @data_r220 (isr:ra~rh)
     00h     00b0h     00b0h    0001h      DATA     2         @data_r104 (isr:ra~rh)
     00h     00b1h     00b1h    0001h      DATA     2         @data_r204 (isr:ra~rh)
     00h     00b2h     00b2h    0001h      DATA     2         @data_r124 (isr:ra~rh)
     00h     00b3h     00b3h    0001h      DATA     2         @data_r224 (isr:ra~rh)

     Local Sections

     Bank    Start     End      Length     Class    AvgIns    Name
     00h     00b4h     00b4h    0000h      LOCAL    0         @dummy12 (E:\demo_20211221\blink\BLINK.OBJ)
     00h     00b4h     00b4h    0000h      LOCAL    0         _timer0 (E:\demo_20211221\blink\BLINK.OBJ)
     00h     00b4h     00b4h    0000h      LOCAL    0         @dummy16 (E:\demo_20211221\blink\BLINK.OBJ)
     00h     00b4h     00b4h    0000h      LOCAL    0         _timer1 (E:\demo_20211221\blink\BLINK.OBJ)
     00h     00b4h     00b4h    0000h      LOCAL    0         @dummy28 (E:\demo_20211221\blink\BLINK.OBJ)
     00h     00b4h     00b4h    0000h      LOCAL    0         _tb0 (E:\demo_20211221\blink\BLINK.OBJ)
     00h     00b4h     00b4h    0000h      LOCAL    0         @dummy32 (E:\demo_20211221\blink\BLINK.OBJ)
     00h     00b4h     00b4h    0000h      LOCAL    0         _tb1 (E:\demo_20211221\blink\BLINK.OBJ)
     00h     00b4h     00b4h    0000h      LOCAL    0         @dummy4 (E:\demo_20211221\blink\BLINK.OBJ)
     00h     00b4h     00b4h    0000h      LOCAL    0         _Int0 (E:\demo_20211221\blink\BLINK.OBJ)
     00h     00b4h     00b4h    0000h      LOCAL    0         @dummy36 (E:\demo_20211221\blink\BLINK.OBJ)
     00h     00b4h     00b4h    0000h      LOCAL    0         _Int1 (E:\demo_20211221\blink\BLINK.OBJ)
     00h     00b4h     00b4h    0000h      LOCAL    0         @dummy (E:\demo_20211221\blink\BLINK.OBJ)
     00h     00b4h     00b4h    0000h      LOCAL    0         _main (E:\demo_20211221\blink\BLINK.OBJ)

     Public Symbols Information
     Address            Public by Name
     0081h              _Int0
     0086h              _Int1
     00a2h              _count
     00a0h              _count1
     008bh              _main
     0014h              _tb0
     007bh              _tb1
     0049h              _timer0
     0062h              _timer1
     00b0h              r104
     00a4h              r10c
     00a8h              r110
     00ach              r11c
     00aeh              r120
     00b2h              r124
     00b1h              r204
     00a5h              r20c
     00a9h              r210
     00adh              r21c
     00afh              r220
     00b3h              r224
     00a6h              rb0c
     00aah              rb10
     00a7h              rc0c
     00abh              rc10
     00bdh              startup_value_1

     Address            Public by Value
     0014h              _tb0
     0049h              _timer0
     0062h              _timer1
     007bh              _tb1
     0081h              _Int0
     0086h              _Int1
     008bh              _main
     00a0h              _count1
     00a2h              _count
     00a4h              r10c
     00a5h              r20c
     00a6h              rb0c
     00a7h              rc0c
     00a8h              r110
     00a9h              r210
     00aah              rb10
     00abh              rc10
     00ach              r11c
     00adh              r21c
     00aeh              r120
     00afh              r220
     00b0h              r104
     00b1h              r204
     00b2h              r124
     00b3h              r224
     00bdh              startup_value_1


ROM Usage Statistics
     Size      Used     Percentage
     1000h     00bah    4%

RAM Usage Statistics
    Bank      Size      Used     Percentage
     00h       0060h     0014h    20%
     01h       0060h     0000h    0%
     Total     00c0h     0014h    10%

Use Stack Count
_timer0: 0
_timer1: 0
_tb0: 0
_tb1: 0
_Int0: 0
_Int1: 0
_main: 0

Call Tree
    @dummy12
        _timer0 (0)
    @dummy16
        _timer1 (0)
    @dummy28
        _tb0 (0)
    @dummy32
        _tb1 (0)
    @dummy4
        _Int0 (0)
    @dummy36
        _Int1 (0)
    @dummy
        _main (0)

HLINK : 程序的开始执行点在程序段'@code'（地址0）。定义在'E:\demo_20211221\blink\BLINK.OBJ' 文件中

错误总数 : 0  警告总数 : 0
